02-07 10:21:57.256  1087  1087 D SearchTargetUtil: layoutType=short_icon_row resultType=131072 packageName=com.google.android.googlequicksearchbox extras=Bundle{suggestion_type=33,suggest_truncate_start=false,is_answer=false,is_entity=false,is_personal=false,suggest_raw_text=fssai cfso,input_query=android.app.search.Query@31f4e99,group_id=web423371,response_id=ad2a37b8-ae48-487f-b0cb-0ad3ecba0a47,support_query_builder=false,} searchAction=fssai cfso searchActionExtras=Bundle{learn_more_url=https://support.google.com/websearch/answer/106230?hl=106230,suggestion_action_text=Report this,should_start_for_result=true,allow_pinning=true,skip_logging_in_target_handler=true,suggestion_action_rpc=2,}ParentID: null targetID: 76659336-2138-4c48-993e-560dd8cba7af
02-07 10:21:57.256  1087  1087 D SearchTargetUtil: layoutType=short_icon_row resultType=131072 packageName=com.google.android.googlequicksearchbox extras=Bundle{suggestion_type=33,suggest_truncate_start=false,is_answer=false,is_entity=false,is_personal=false,suggest_raw_text=border 2 box office collection day,input_query=android.app.search.Query@31f4e99,group_id=web423371,response_id=ad2a37b8-ae48-487f-b0cb-0ad3ecba0a47,support_query_builder=false,} searchAction=border 2 box office collection day searchActionExtras=Bundle{learn_more_url=https://support.google.com/websearch/answer/106230?hl=106230,suggestion_action_text=Report this,should_start_for_result=true,allow_pinning=true,skip_logging_in_target_handler=true,suggestion_action_rpc=2,}ParentID: null targetID: 964226c2-02ab-4ade-818a-f1ebf469a402
02-07 10:21:57.256  1087  1087 D SearchTargetUtil: layoutType=short_icon_row resultType=131072 packageName=com.google.android.googlequicksearchbox extras=Bundle{suggestion_type=33,suggest_truncate_start=false,is_answer=false,is_entity=false,is_personal=false,suggest_raw_text=suzlon energy q3 results,input_query=android.app.search.Query@31f4e99,group_id=web423371,response_id=ad2a37b8-ae48-487f-b0cb-0ad3ecba0a47,support_query_builder=false,} searchAction=suzlon energy q3 results searchActionExtras=Bundle{learn_more_url=https://support.google.com/websearch/answer/106230?hl=106230,suggestion_action_text=Report this,should_start_for_result=true,allow_pinning=true,skip_logging_in_target_handler=true,suggestion_action_rpc=2,}ParentID: null targetID: 4599719b-9d25-4395-b2fc-57707ad2bb5b
02-07 10:21:57.256  1087  1087 D SearchTargetUtil: layoutType=short_icon_row resultType=131072 packageName=com.google.android.googlequicksearchbox extras=Bundle{suggestion_type=33,suggest_truncate_start=false,is_answer=false,is_entity=false,is_personal=false,suggest_raw_text=infinix xos 16,input_query=android.app.search.Query@31f4e99,group_id=web423371,response_id=ad2a37b8-ae48-487f-b0cb-0ad3ecba0a47,support_query_builder=false,} searchAction=infinix xos 16 searchActionExtras=Bundle{learn_more_url=https://support.google.com/websearch/answer/106230?hl=106230,suggestion_action_text=Report this,should_start_for_result=true,allow_pinning=true,skip_logging_in_target_handler=true,suggestion_action_rpc=2,}ParentID: null targetID: 9aec024b-1071-47b9-a851-7b352d3e2318
02-07 10:21:57.256  1087  1087 D SearchTargetUtil: layoutType=short_icon_row resultType=131072 packageName=com.google.android.googlequicksearchbox extras=Bundle{suggestion_type=33,suggest_truncate_start=false,is_answer=false,is_entity=false,is_personal=false,suggest_raw_text=universe,input_query=android.app.search.Query@31f4e99,group_id=web423371,response_id=ad2a37b8-ae48-487f-b0cb-0ad3ecba0a47,support_query_builder=false,} searchAction=universe searchActionExtras=Bundle{learn_more_url=https://support.google.com/websearch/answer/106230?hl=106230,suggestion_action_text=Report this,should_start_for_result=true,allow_pinning=true,skip_logging_in_target_handler=true,suggestion_action_rpc=2,}ParentID: null targetID: 38ebcdfe-9380-410e-88e7-fde1b3846dbf
02-07 10:21:57.256  1087  1087 D SearchTargetUtil: layoutType=short_icon_row resultType=131072 packageName=com.google.android.googlequicksearchbox extras=Bundle{suggestion_type=33,suggest_truncate_start=false,is_answer=false,is_entity=false,is_personal=false,suggest_raw_text=ben stokes injury,input_query=android.app.search.Query@31f4e99,group_id=web423371,response_id=ad2a37b8-ae48-487f-b0cb-0ad3ecba0a47,support_query_builder=false,} searchAction=ben stokes injury searchActionExtras=Bundle{learn_more_url=https://support.google.com/websearch/answer/106230?hl=106230,suggestion_action_text=Report this,should_start_for_result=true,allow_pinning=true,skip_logging_in_target_handler=true,suggestion_action_rpc=2,}ParentID: null targetID: 48f85d6e-96fa-404d-8a62-e2970cd19b7f
02-07 10:21:57.256  1087  1087 D SearchTargetUtil: layoutType=short_icon_row resultType=131072 packageName=com.google.android.googlequicksearchbox extras=Bundle{suggestion_type=33,suggest_truncate_start=false,is_answer=false,is_entity=false,is_personal=false,suggest_raw_text=8th pay commission salary,input_query=android.app.search.Query@31f4e99,group_id=web423371,response_id=ad2a37b8-ae48-487f-b0cb-0ad3ecba0a47,support_query_builder=false,} searchAction=8th pay commission salary searchActionExtras=Bundle{learn_more_url=https://support.google.com/websearch/answer/106230?hl=106230,suggestion_action_text=Report this,should_start_for_result=true,allow_pinning=true,skip_logging_in_target_handler=true,suggestion_action_rpc=2,}ParentID: null targetID: e03f7f3e-69e2-4ffb-a2a7-2d810c38aaac
02-07 10:21:57.256  1087  1087 D SearchTargetUtil: layoutType=short_icon_row resultType=131072 packageName=com.google.android.googlequicksearchbox extras=Bundle{suggestion_type=33,suggest_truncate_start=false,is_answer=false,is_entity=false,is_personal=false,suggest_raw_text=the immortal ashwatthama,input_query=android.app.search.Query@31f4e99,group_id=web423371,response_id=ad2a37b8-ae48-487f-b0cb-0ad3ecba0a47,support_query_builder=false,} searchAction=the immortal ashwatthama searchActionExtras=Bundle{learn_more_url=https://support.google.com/websearch/answer/106230?hl=106230,suggestion_action_text=Report this,should_start_for_result=true,allow_pinning=true,skip_logging_in_target_handler=true,suggestion_action_rpc=2,}ParentID: null targetID: f78c51a0-498a-43b8-a2bf-c139c4bdd97c
02-07 10:21:57.256  1087  1087 D SearchTargetUtil: layoutType=short_icon_row resultType=131072 packageName=com.google.android.googlequicksearchbox extras=Bundle{suggestion_type=33,suggest_truncate_start=false,is_answer=false,is_entity=false,is_personal=false,suggest_raw_text=cognizant employees 100 bonus,input_query=android.app.search.Query@31f4e99,group_id=web423371,response_id=ad2a37b8-ae48-487f-b0cb-0ad3ecba0a47,support_query_builder=false,} searchAction=cognizant employees 100 bonus searchActionExtras=Bundle{learn_more_url=https://support.google.com/websearch/answer/106230?hl=106230,suggestion_action_text=Report this,should_start_for_result=true,allow_pinning=true,skip_logging_in_target_handler=true,suggestion_action_rpc=2,}ParentID: null targetID: fbe0080d-ad16-4785-b2cb-c3b3c173f2e0
02-07 10:21:57.259  1494  1733 I AiAiEcho: Predicting[0]:  [CONTEXT sampling_count=5 ]
02-07 10:21:57.259  1494  1733 I AiAiEcho: EchoTargets: 
02-07 10:21:57.259  1494  1733 I AiAiEcho: Filtered by AiAi flag check: 
02-07 10:21:57.259  1494  1733 I AiAiEcho: [CONTEXT ratelimit_period="10 SECONDS" ]
02-07 10:21:57.259  1494  1733 I AiAiEcho: Ranked targets strategy: SORT, count: 0, ranking metadata:  [CONTEXT ratelimit_period="10 SECONDS" ]
02-07 10:21:57.259  1494  1733 I AiAiEcho: #remoteViewsTwiddler: feature disabled.
02-07 10:21:57.260  1494  1733 I AiAiEcho: #postPredictionTargets: Sending updates to UISurface home with targets# 0 (types=[])
02-07 10:21:57.261   405   405 E SurfaceFlinger: Out of order buffers detected for RequestedLayerState{com.google.android.apps.nexuslauncher/com.google.android.apps.nexuslauncher.NexusLauncherActivity#113 parentId=110} producedId=7 frameNumber=298 -> producedId=7 frameNumber=2
02-07 10:21:57.263   386   479 I RanchuHwc: logCompositionFallbackIfChanged: layer 37 CompositionType fallback from 2 to 1
02-07 10:21:57.263   386   479 I RanchuHwc: logCompositionFallbackIfChanged: layer 38 CompositionType fallback from 3 to 1
02-07 10:21:57.283   405   405 E SurfaceFlinger: Out of order buffers detected for RequestedLayerState{com.google.android.apps.nexuslauncher/com.google.android.apps.nexuslauncher.NexusLauncherActivity#113 parentId=110} producedId=7 frameNumber=298 -> producedId=7 frameNumber=3
02-07 10:21:57.315   819  1027 D EGL_emulation: app_time_stats: avg=82.52ms min=12.40ms max=802.51ms count=12
02-07 10:21:57.345   405   405 E SurfaceFlinger: Out of order buffers detected for RequestedLayerState{com.google.android.apps.nexuslauncher/com.google.android.apps.nexuslauncher.NexusLauncherActivity#113 parentId=110} producedId=7 frameNumber=298 -> producedId=7 frameNumber=4
02-07 10:21:57.352   575  1890 W ActivityTaskManager: takeTaskSnapshot: taskId=20 not found or not visible
02-07 10:21:57.362   405   405 E SurfaceFlinger: Out of order buffers detected for RequestedLayerState{com.google.android.apps.nexuslauncher/com.google.android.apps.nexuslauncher.NexusLauncherActivity#113 parentId=110} producedId=7 frameNumber=298 -> producedId=7 frameNumber=5
02-07 10:21:57.374  1087  1649 D EGL_emulation: app_time_stats: avg=18.80ms min=0.58ms max=336.11ms count=35
02-07 10:21:57.375  1087  1094 W s.nexuslauncher: ApkAssets: Deleting an ApkAssets object '<empty> and /data/app/~~-fGdpkqe2fNzDQzjCU21dg==/com.example.aniverse-BtxPuHGIXGE8TgGUUmWwmw==/base.apk' with 1 weak references
02-07 10:21:57.376  1087  1094 W System  : A resource failed to call release. 
02-07 10:21:57.376  1087  1094 W System  : A resource failed to call release. 
02-07 10:21:57.376  1087  1094 W System  : A resource failed to call release. 
02-07 10:21:57.378   405   405 E SurfaceFlinger: Out of order buffers detected for RequestedLayerState{com.google.android.apps.nexuslauncher/com.google.android.apps.nexuslauncher.NexusLauncherActivity#113 parentId=110} producedId=7 frameNumber=298 -> producedId=7 frameNumber=6
02-07 10:21:57.395   405   405 E SurfaceFlinger: Out of order buffers detected for RequestedLayerState{com.google.android.apps.nexuslauncher/com.google.android.apps.nexuslauncher.NexusLauncherActivity#113 parentId=110} producedId=7 frameNumber=298 -> producedId=7 frameNumber=7
02-07 10:21:57.412   405   405 E SurfaceFlinger: Out of order buffers detected for RequestedLayerState{com.google.android.apps.nexuslauncher/com.google.android.apps.nexuslauncher.NexusLauncherActivity#113 parentId=110} producedId=7 frameNumber=298 -> producedId=7 frameNumber=8
02-07 10:21:57.428   405   405 E SurfaceFlinger: Out of order buffers detected for RequestedLayerState{com.google.android.apps.nexuslauncher/com.google.android.apps.nexuslauncher.NexusLauncherActivity#113 parentId=110} producedId=7 frameNumber=298 -> producedId=7 frameNumber=9
02-07 10:21:57.445   405   405 E SurfaceFlinger: Out of order buffers detected for RequestedLayerState{com.google.android.apps.nexuslauncher/com.google.android.apps.nexuslauncher.NexusLauncherActivity#113 parentId=110} producedId=7 frameNumber=298 -> producedId=7 frameNumber=10
02-07 10:21:57.462   405   405 E SurfaceFlinger: Out of order buffers detected for RequestedLayerState{com.google.android.apps.nexuslauncher/com.google.android.apps.nexuslauncher.NexusLauncherActivity#113 parentId=110} producedId=7 frameNumber=298 -> producedId=7 frameNumber=11
02-07 10:21:57.478   405   405 E SurfaceFlinger: Out of order buffers detected for RequestedLayerState{com.google.android.apps.nexuslauncher/com.google.android.apps.nexuslauncher.NexusLauncherActivity#113 parentId=110} producedId=7 frameNumber=298 -> producedId=7 frameNumber=12
02-07 10:21:57.495   405   405 E SurfaceFlinger: Out of order buffers detected for RequestedLayerState{com.google.android.apps.nexuslauncher/com.google.android.apps.nexuslauncher.NexusLauncherActivity#113 parentId=110} producedId=7 frameNumber=298 -> producedId=7 frameNumber=13
02-07 10:21:57.512   405   405 E SurfaceFlinger: Out of order buffers detected for RequestedLayerState{com.google.android.apps.nexuslauncher/com.google.android.apps.nexuslauncher.NexusLauncherActivity#113 parentId=110} producedId=7 frameNumber=298 -> producedId=7 frameNumber=14
02-07 10:21:57.528   405   405 E SurfaceFlinger: Out of order buffers detected for RequestedLayerState{com.google.android.apps.nexuslauncher/com.google.android.apps.nexuslauncher.NexusLauncherActivity#113 parentId=110} producedId=7 frameNumber=298 -> producedId=7 frameNumber=15
02-07 10:21:57.545   405   405 E SurfaceFlinger: Out of order buffers detected for RequestedLayerState{com.google.android.apps.nexuslauncher/com.google.android.apps.nexuslauncher.NexusLauncherActivity#113 parentId=110} producedId=7 frameNumber=298 -> producedId=7 frameNumber=16
02-07 10:21:57.552   405   531 W VsyncModulator: setTransactionSchedule: Unexpected EarlyEnd
02-07 10:21:57.562   405   405 E SurfaceFlinger: Out of order buffers detected for RequestedLayerState{com.google.android.apps.nexuslauncher/com.google.android.apps.nexuslauncher.NexusLauncherActivity#113 parentId=110} producedId=7 frameNumber=298 -> producedId=7 frameNumber=17
02-07 10:21:57.578   405   405 E SurfaceFlinger: Out of order buffers detected for RequestedLayerState{com.google.android.apps.nexuslauncher/com.google.android.apps.nexuslauncher.NexusLauncherActivity#113 parentId=110} producedId=7 frameNumber=298 -> producedId=7 frameNumber=18
02-07 10:21:57.595   405   405 E SurfaceFlinger: Out of order buffers detected for RequestedLayerState{com.google.android.apps.nexuslauncher/com.google.android.apps.nexuslauncher.NexusLauncherActivity#113 parentId=110} producedId=7 frameNumber=298 -> producedId=7 frameNumber=19
02-07 10:21:57.611   405   405 E SurfaceFlinger: Out of order buffers detected for RequestedLayerState{com.google.android.apps.nexuslauncher/com.google.android.apps.nexuslauncher.NexusLauncherActivity#113 parentId=110} producedId=7 frameNumber=298 -> producedId=7 frameNumber=20
02-07 10:21:57.630   405   405 E SurfaceFlinger: Out of order buffers detected for RequestedLayerState{com.google.android.apps.nexuslauncher/com.google.android.apps.nexuslauncher.NexusLauncherActivity#113 parentId=110} producedId=7 frameNumber=298 -> producedId=7 frameNumber=21
02-07 10:21:57.645   405   405 E SurfaceFlinger: Out of order buffers detected for RequestedLayerState{com.google.android.apps.nexuslauncher/com.google.android.apps.nexuslauncher.NexusLauncherActivity#113 parentId=110} producedId=7 frameNumber=298 -> producedId=7 frameNumber=22
02-07 10:21:57.662   405   405 E SurfaceFlinger: Out of order buffers detected for RequestedLayerState{com.google.android.apps.nexuslauncher/com.google.android.apps.nexuslauncher.NexusLauncherActivity#113 parentId=110} producedId=7 frameNumber=298 -> producedId=7 frameNumber=23
02-07 10:21:57.678   405   405 E SurfaceFlinger: Out of order buffers detected for RequestedLayerState{com.google.android.apps.nexuslauncher/com.google.android.apps.nexuslauncher.NexusLauncherActivity#113 parentId=110} producedId=7 frameNumber=298 -> producedId=7 frameNumber=24
02-07 10:21:57.696   405   405 E SurfaceFlinger: Out of order buffers detected for RequestedLayerState{com.google.android.apps.nexuslauncher/com.google.android.apps.nexuslauncher.NexusLauncherActivity#113 parentId=110} producedId=7 frameNumber=298 -> producedId=7 frameNumber=25
02-07 10:21:57.711   405   405 E SurfaceFlinger: Out of order buffers detected for RequestedLayerState{com.google.android.apps.nexuslauncher/com.google.android.apps.nexuslauncher.NexusLauncherActivity#113 parentId=110} producedId=7 frameNumber=298 -> producedId=7 frameNumber=26
02-07 10:21:57.728   405   405 E SurfaceFlinger: Out of order buffers detected for RequestedLayerState{com.google.android.apps.nexuslauncher/com.google.android.apps.nexuslauncher.NexusLauncherActivity#113 parentId=110} producedId=7 frameNumber=298 -> producedId=7 frameNumber=27
02-07 10:21:57.744   405   405 E SurfaceFlinger: Out of order buffers detected for RequestedLayerState{com.google.android.apps.nexuslauncher/com.google.android.apps.nexuslauncher.NexusLauncherActivity#113 parentId=110} producedId=7 frameNumber=298 -> producedId=7 frameNumber=28
02-07 10:21:57.761   405   405 E SurfaceFlinger: Out of order buffers detected for RequestedLayerState{com.google.android.apps.nexuslauncher/com.google.android.apps.nexuslauncher.NexusLauncherActivity#113 parentId=110} producedId=7 frameNumber=298 -> producedId=7 frameNumber=29
02-07 10:21:57.778   405   405 E SurfaceFlinger: Out of order buffers detected for RequestedLayerState{com.google.android.apps.nexuslauncher/com.google.android.apps.nexuslauncher.NexusLauncherActivity#113 parentId=110} producedId=7 frameNumber=298 -> producedId=7 frameNumber=30
02-07 10:21:57.796   405   405 E SurfaceFlinger: Out of order buffers detected for RequestedLayerState{com.google.android.apps.nexuslauncher/com.google.android.apps.nexuslauncher.NexusLauncherActivity#113 parentId=110} producedId=7 frameNumber=298 -> producedId=7 frameNumber=31
02-07 10:21:57.811   405   405 E SurfaceFlinger: Out of order buffers detected for RequestedLayerState{com.google.android.apps.nexuslauncher/com.google.android.apps.nexuslauncher.NexusLauncherActivity#113 parentId=110} producedId=7 frameNumber=298 -> producedId=7 frameNumber=32
02-07 10:21:57.828   405   405 E SurfaceFlinger: Out of order buffers detected for RequestedLayerState{com.google.android.apps.nexuslauncher/com.google.android.apps.nexuslauncher.NexusLauncherActivity#113 parentId=110} producedId=7 frameNumber=298 -> producedId=7 frameNumber=33
02-07 10:21:57.846   405   405 E SurfaceFlinger: Out of order buffers detected for RequestedLayerState{com.google.android.apps.nexuslauncher/com.google.android.apps.nexuslauncher.NexusLauncherActivity#113 parentId=110} producedId=7 frameNumber=298 -> producedId=7 frameNumber=34
02-07 10:21:57.861   405   405 E SurfaceFlinger: Out of order buffers detected for RequestedLayerState{com.google.android.apps.nexuslauncher/com.google.android.apps.nexuslauncher.NexusLauncherActivity#113 parentId=110} producedId=7 frameNumber=298 -> producedId=7 frameNumber=35
02-07 10:21:57.862  1087  1087 D SsBaseTemplateCard: No text view can be set up
02-07 10:21:57.862  1087  1087 D SsBaseTemplateCard: Passed-in item info is null
02-07 10:21:57.862  1087  1087 D SsBaseTemplateCard: Passed-in item info is null
02-07 10:21:57.862  1087  1087 D SsBaseTemplateCard: Passed-in item info is null
02-07 10:21:57.862  1087  1087 I SsBaseTemplateCard: Secondary card pane is null
02-07 10:21:57.863   819   863 V WindowManagerShell: Transition animation finished (aborted=false), notifying core (#27) android.os.BinderProxy@984d546@0
02-07 10:21:57.864   575   602 V WindowManager: Finish Transition (#27): created at 02-07 10:21:56.732 collect-started=0.034ms request-sent=0.052ms started=2.697ms ready=503.596ms sent=504.955ms finished=1131.659ms
02-07 10:21:57.866   819   863 V WindowManagerShell: Track 0 became idle
02-07 10:21:57.866   819   863 V WindowManagerShell: All active transition animations finished
02-07 10:21:57.870   575  1102 W UserManagerService: Requested status bar icon for non-badged user 0
02-07 10:21:57.870   575  1102 W UserManagerService: Requested status bar icon for non-badged user 0
02-07 10:21:57.878   405   405 E SurfaceFlinger: Out of order buffers detected for RequestedLayerState{com.google.android.apps.nexuslauncher/com.google.android.apps.nexuslauncher.NexusLauncherActivity#113 parentId=110} producedId=7 frameNumber=298 -> producedId=7 frameNumber=36
02-07 10:21:57.895   405   405 E SurfaceFlinger: Out of order buffers detected for RequestedLayerState{com.google.android.apps.nexuslauncher/com.google.android.apps.nexuslauncher.NexusLauncherActivity#113 parentId=110} producedId=7 frameNumber=298 -> producedId=7 frameNumber=37
02-07 10:22:00.021  1494  1733 I AiAiEcho: Predicting[0]:  [CONTEXT sampling_count=5 ]
02-07 10:22:00.021  1494  1733 I AiAiEcho: EchoTargets: 
02-07 10:22:00.021  1494  1733 I AiAiEcho: Filtered by AiAi flag check: 
02-07 10:22:00.021  1494  1733 I AiAiEcho: [CONTEXT ratelimit_period="10 SECONDS" ]
02-07 10:22:00.021  1494  1733 I AiAiEcho: Ranked targets strategy: SORT, count: 0, ranking metadata:  [CONTEXT ratelimit_period="10 SECONDS" ]
02-07 10:22:00.022  1494  1733 I AiAiEcho: #remoteViewsTwiddler: feature disabled.
02-07 10:22:00.022  1494  1733 I AiAiEcho: Predicting[0]:  [CONTEXT sampling_count=5 ]
02-07 10:22:00.022  1494  1733 I AiAiEcho: EchoTargets: 
02-07 10:22:00.022  1494  1733 I AiAiEcho: Filtered by AiAi flag check: 
02-07 10:22:00.022  1494  1733 I AiAiEcho: [CONTEXT ratelimit_period="10 SECONDS" ]
02-07 10:22:00.022  1494  1733 I AiAiEcho: Ranked targets strategy: SORT, count: 0, ranking metadata:  [CONTEXT ratelimit_period="10 SECONDS" ]
02-07 10:22:00.022  1494  1733 I AiAiEcho: #remoteViewsTwiddler: feature disabled.
02-07 10:22:00.022  1494  1733 I AiAiEcho: #postPredictionTargets: Sending updates to UISurface lockscreen with targets# 0 (types=[])
02-07 10:22:00.022  1494  1733 I AiAiEcho: #postPredictionTargets: Sending updates to UISurface home with targets# 0 (types=[])
02-07 10:22:00.023   819   819 W PageIndicator: Total number of pages invalid: 0. Assuming 1 page.
02-07 10:22:00.024  1087  1087 D SsBaseTemplateCard: No text view can be set up
02-07 10:22:00.024  1087  1087 D SsBaseTemplateCard: Passed-in item info is null
02-07 10:22:00.024  1087  1087 D SsBaseTemplateCard: Passed-in item info is null
02-07 10:22:00.024  1087  1087 D SsBaseTemplateCard: Passed-in item info is null
02-07 10:22:00.024  1087  1087 I SsBaseTemplateCard: Secondary card pane is null
02-07 10:22:00.038  1087  1649 D EGL_emulation: app_time_stats: avg=81.34ms min=1.50ms max=2157.63ms count=37
02-07 10:22:00.039   819  1027 D EGL_emulation: app_time_stats: avg=329.56ms min=2.52ms max=2606.60ms count=8
02-07 10:22:00.045   405   405 E SurfaceFlinger: Out of order buffers detected for RequestedLayerState{com.google.android.apps.nexuslauncher/com.google.android.apps.nexuslauncher.NexusLauncherActivity#113 parentId=110} producedId=7 frameNumber=298 -> producedId=7 frameNumber=38
02-07 10:22:00.184   575  1545 E TaskPersister: File error accessing recents directory (directory doesn't exist?).
