--------- beginning of system
02-07 10:21:56.165   575   599 W ActivityTaskManager: callingPackage for (uid=2000, pid=5354) has no WPC
02-07 10:21:56.166   575   599 W OptProp : Cannot read opt property android.window.PROPERTY_COMPAT_ALLOW_USER_ASPECT_RATIO_OVERRIDE
02-07 10:21:56.166   575   599 W OptProp : Cannot read opt property android.window.PROPERTY_COMPAT_ALLOW_USER_ASPECT_RATIO_FULLSCREEN_OVERRIDE
02-07 10:21:56.166   575   599 W OptProp : Cannot read opt property android.window.PROPERTY_COMPAT_ALLOW_ORIENTATION_OVERRIDE
--------- beginning of main
02-07 10:21:56.167   575   599 V GrammaticalInflectionUtils: AttributionSource: android.content.AttributionSource@e70aacb3 does not have READ_SYSTEM_GRAMMATICAL_GENDER permission.
02-07 10:21:56.167   575   599 W OptProp : Cannot read opt property android.window.PROPERTY_COMPAT_ALLOW_RESIZEABLE_ACTIVITY_OVERRIDES
02-07 10:21:56.167   575   599 W OptProp : Cannot read opt property android.window.PROPERTY_COMPAT_ALLOW_MIN_ASPECT_RATIO_OVERRIDE
02-07 10:21:56.176   819   863 V WindowManagerShell: Transition requested (#26): android.os.BinderProxy@c5b3d4 TransitionRequestInfo { type = OPEN, triggerTask = TaskInfo{userId=0 taskId=29 displayId=0 isRunning=true baseIntent=Intent { flg=0x10000000 cmp=com.example.aniverse/.ui.MainActivity } baseActivity=ComponentInfo{com.example.aniverse/com.example.aniverse.ui.MainActivity} topActivity=ComponentInfo{com.example.aniverse/com.example.aniverse.ui.MainActivity} origActivity=null realActivity=ComponentInfo{com.example.aniverse/com.example.aniverse.ui.MainActivity} numActivities=1 lastActiveTime=422307 supportsMultiWindow=true resizeMode=1 isResizeable=true minWidth=-1 minHeight=-1 defaultMinSize=220 token=WCT{android.window.IWindowContainerToken$Stub$Proxy@af0597d} topActivityType=1 pictureInPictureParams=null shouldDockBigOverlays=false launchIntoPipHostTaskId=-1 lastParentTaskIdBeforePip=-1 displayCutoutSafeInsets=Rect(0, 156 - 0, 0) topActivityInfo=ActivityInfo{7486072 com.example.aniverse.ui.MainActivity} launchCookies=[] positionInParent=Point(0, 0) parentTaskId=-1 isFocused=false isVisible=false isVisibleRequested=false isSleeping=false locusId=null displayAreaFeatureId=1 isTopActivityTransparent=false appCompatTaskInfo=AppCompatTaskInfo { topActivityInSizeCompat=false topActivityEligibleForLetterboxEducation= falseisLetterboxEducationEnabled= true isLetterboxDoubleTapEnabled= false topActivityEligibleForUserAspectRatioButton= false topActivityBoundsLetterboxed= false isFromLetterboxDoubleTap= false topActivityLetterboxVerticalPosition= -1 topActivityLetterboxHorizontalPosition= -1 topActivityLetterboxWidth=1280 topActivityLetterboxHeight=2856 isUserFullscreenOverrideEnabled=false isSystemFullscreenOverrideEnabled=false cameraCompatTaskInfo=CameraCompatTaskInfo { cameraCompatControlState=hidden freeformCameraCompatMode=inactive}}}, pipTask = null, remoteTransition = null, displayChange = null, flags = 0, debugId = 26 }
02-07 10:21:56.178   575   599 I ActivityTaskManager: START u0 {flg=0x10000000 cmp=com.example.aniverse/.ui.MainActivity} with LAUNCH_MULTIPLE from uid 2000 (BAL_ALLOW_PERMISSION) result code=0
02-07 10:21:56.179   575  1035 D OomAdjuster: Not killing cached processes
02-07 10:21:56.181  1087  1087 W SplitSelectStateCtor: Missing session instanceIds
02-07 10:21:56.181  1087  1087 D StatsLog: LAUNCHER_SPLIT_SELECTION_EXIT_INTERRUPTED
02-07 10:21:56.188   575   605 V GrammaticalInflectionUtils: AttributionSource: android.content.AttributionSource@e70aacb3 does not have READ_SYSTEM_GRAMMATICAL_GENDER permission.
02-07 10:21:56.190   819   863 D WindowManagerShell: setLauncherKeepClearAreaHeight: visible=false, height=603
02-07 10:21:56.192   423   423 W IPCThreadState: Sending oneway calls to frozen process.
02-07 10:21:56.195  1087  1087 I TopTaskTracker: onTaskMovedToFront: (moved taskInfo to front) taskId=29, baseIntent=Intent { flg=0x10000000 cmp=com.example.aniverse/.ui.MainActivity }
02-07 10:21:56.214   575  1890 D CoreBackPreview: Window{6147918 u0 Splash Screen com.example.aniverse}: Setting back callback OnBackInvokedCallbackInfo{mCallback=android.window.IOnBackInvokedCallback$Stub$Proxy@44a3156, mPriority=0, mIsAnimationCallback=false}
02-07 10:21:56.214   405   405 I BpBinder: onLastStrongRef automatically unlinking death recipients: 
02-07 10:21:56.237   363   363 D Zygote  : Forked child process 5357
02-07 10:21:56.241   575   614 I ActivityManager: Start proc 5357:com.example.aniverse/u0a215 for next-top-activity {com.example.aniverse/com.example.aniverse.ui.MainActivity}
02-07 10:21:56.263  1087  1649 D EGL_emulation: app_time_stats: avg=290.93ms min=0.82ms max=10431.78ms count=37
02-07 10:21:56.278   405   405 E SurfaceFlinger: Out of order buffers detected for RequestedLayerState{com.google.android.apps.nexuslauncher/com.google.android.apps.nexuslauncher.NexusLauncherActivity#113 parentId=110} producedId=6 frameNumber=298 -> producedId=6 frameNumber=38
02-07 10:21:56.284  5357  5357 I xample.aniverse: Late-enabling -Xcheck:jni
02-07 10:21:56.286   575   602 V WindowManager: Sent Transition (#26) createdAt=02-07 10:21:56.167 via request=TransitionRequestInfo { type = OPEN, triggerTask = TaskInfo{userId=0 taskId=29 displayId=0 isRunning=true baseIntent=Intent { flg=0x10000000 cmp=com.example.aniverse/.ui.MainActivity } baseActivity=ComponentInfo{com.example.aniverse/com.example.aniverse.ui.MainActivity} topActivity=ComponentInfo{com.example.aniverse/com.example.aniverse.ui.MainActivity} origActivity=null realActivity=ComponentInfo{com.example.aniverse/com.example.aniverse.ui.MainActivity} numActivities=1 lastActiveTime=422307 supportsMultiWindow=true resizeMode=1 isResizeable=true minWidth=-1 minHeight=-1 defaultMinSize=220 token=WCT{RemoteToken{9d00ce2 Task{9b6907e #29 type=standard A=10215:com.example.aniverse}}} topActivityType=1 pictureInPictureParams=null shouldDockBigOverlays=false launchIntoPipHostTaskId=-1 lastParentTaskIdBeforePip=-1 displayCutoutSafeInsets=Rect(0, 156 - 0, 0) topActivityInfo=ActivityInfo{a4e8873 com.example.aniverse.ui.MainActivity} launchCookies=[] positionInParent=Point(0, 0) parentTaskId=-1 isFocused=false isVisible=false isVisibleRequested=false isSleeping=false locusId=null displayAreaFeatureId=1 isTopActivityTransparent=false appCompatTaskInfo=AppCompatTaskInfo { topActivityInSizeCompat=false topActivityEligibleForLetterboxEducation= falseisLetterboxEducationEnabled= true isLetterboxDoubleTapEnabled= false topActivityEligibleForUserAspectRatioButton= false topActivityBoundsLetterboxed= false isFromLetterboxDoubleTap= false topActivityLetterboxVerticalPosition= -1 topActivityLetterboxHorizontalPosition= -1 topActivityLetterboxWidth=1280 topActivityLetterboxHeight=2856 isUserFullscreenOverrideEnabled=false isSystemFullscreenOverrideEnabled=false cameraCompatTaskInfo=CameraCompatTaskInfo { cameraCompatControlState=hidden freeformCameraCompatMode=inactive}}}, pipTask = null, remoteTransition = null, displayChange = null, flags = 0, debugId = 26 }
02-07 10:21:56.286   575   602 V WindowManager:     startWCT=WindowContainerTransaction { changes = {} hops = [] errorCallbackToken=null taskFragmentOrganizer=null }
02-07 10:21:56.286   575   602 V WindowManager:     info={id=26 t=OPEN f=0x0 trk=0 r=[0@Point(0, 0)] c=[
02-07 10:21:56.286   575   602 V WindowManager:         {WCT{RemoteToken{9d00ce2 Task{9b6907e #29 type=standard A=10215:com.example.aniverse}}} m=OPEN f=NONE leash=Surface(name=Task=29)/@0xc640ec4 sb=Rect(0, 0 - 1280, 2856) eb=Rect(0, 0 - 1280, 2856) d=0 taskParent=-1},
02-07 10:21:56.286   575   602 V WindowManager:         {WCT{RemoteToken{d55b1e9 Task{682fc43 #1 type=home}}} m=TO_BACK f=SHOW_WALLPAPER leash=Surface(name=Task=1)/@0x4c38204 sb=Rect(0, 0 - 1280, 2856) eb=Rect(0, 0 - 1280, 2856) d=0 taskParent=-1}
02-07 10:21:56.286   575   602 V WindowManager:     ]}
02-07 10:21:56.286   819  1407 V WindowManagerShell: onTransitionReady(transaction=2469606196261)
02-07 10:21:56.286   819   863 V WindowManagerShell: onTransitionReady (#26) android.os.BinderProxy@c5b3d4: {id=26 t=OPEN f=0x0 trk=0 r=[0@Point(0, 0)] c=[{WCT{android.window.IWindowContainerToken$Stub$Proxy@2299cb3} m=OPEN f=NONE leash=Surface(name=Task=29)/@0x4a7ba04 sb=Rect(0, 0 - 1280, 2856) eb=Rect(0, 0 - 1280, 2856) d=0 taskParent=-1},{WCT{android.window.IWindowContainerToken$Stub$Proxy@ee87270} m=TO_BACK f=SHOW_WALLPAPER leash=Surface(name=Task=1)/@0x92f9bed sb=Rect(0, 0 - 1280, 2856) eb=Rect(0, 0 - 1280, 2856) d=0 taskParent=-1}]}
02-07 10:21:56.287   819   863 V WindowManagerShell: Playing animation for (#26) android.os.BinderProxy@c5b3d4@0
02-07 10:21:56.287   819   863 V WindowManagerShell:  try handler com.android.wm.shell.transition.DefaultMixedHandler@351fdd9
02-07 10:21:56.287   819   863 V WindowManagerShell:  try handler com.android.wm.shell.keyguard.KeyguardTransitionHandler@417639e
02-07 10:21:56.287   819   863 V WindowManagerShell:  try handler com.android.wm.shell.pip.PipTransition@883be7f
02-07 10:21:56.287   819   863 V WindowManagerShell:  try handler com.android.wm.shell.activityembedding.ActivityEmbeddingController@95cfe4c
02-07 10:21:56.287   819   863 V WindowManagerShell:  try handler com.android.wm.shell.recents.RecentsTransitionHandler@cdb9e95
02-07 10:21:56.287   819   863 V ShellRecents: RecentsTransitionHandler.startAnimation: no controller found
02-07 10:21:56.287   819   863 V WindowManagerShell:  try handler com.android.wm.shell.splitscreen.StageCoordinator@121baa
02-07 10:21:56.287   819   863 V WindowManagerShell:  try handler com.android.wm.shell.transition.RemoteTransitionHandler@b9fc39b
02-07 10:21:56.287   819   863 V WindowManagerShell: Transition doesn't have explicit remote, search filters for match for {id=26 t=OPEN f=0x0 trk=0 r=[0@Point(0, 0)] c=[{WCT{android.window.IWindowContainerToken$Stub$Proxy@2299cb3} m=OPEN f=NONE leash=Surface(name=Task=29)/@0x4a7ba04 sb=Rect(0, 0 - 1280, 2856) eb=Rect(0, 0 - 1280, 2856) d=0 taskParent=-1},{WCT{android.window.IWindowContainerToken$Stub$Proxy@ee87270} m=TO_BACK f=SHOW_WALLPAPER leash=Surface(name=Task=1)/@0x92f9bed sb=Rect(0, 0 - 1280, 2856) eb=Rect(0, 0 - 1280, 2856) d=0 taskParent=-1}]}
02-07 10:21:56.287   819   863 V WindowManagerShell:  Checking filter Pair{{types=[] flags=0x0] notFlags=0x0 checks=[{atype=undefined independent=true modes=[OPEN,TO_FRONT] flags=IN_TASK_WITH_EMBEDDED_ACTIVITY mustBeTask=false order=ANY topActivity=ComponentInfo{com.google.android.apps.nexuslauncher/com.google.android.apps.nexuslauncher.NexusLauncherActivity} launchCookie=null},{atype=undefined independent=true modes=[CLOSE,TO_BACK] flags=IN_TASK_WITH_EMBEDDED_ACTIVITY mustBeTask=false order=ANY topActivity=null launchCookie=null}]} RemoteTransition { remoteTransition = android.window.IRemoteTransition$Stub$Proxy@87f11ab, appThread = android.app.IApplicationThread$Stub$Proxy@abed008, debugName = OverlaySwipeBack }}
02-07 10:21:56.287   819   863 V WindowManagerShell:  Checking filter Pair{{types=[] flags=0x0] notFlags=0x0 checks=[{atype=dream independent=true modes=[OPEN,TO_FRONT] flags=NONE mustBeTask=false order=ANY topActivity=null launchCookie=null},{atype=home independent=true modes=[CLOSE,TO_BACK] flags=NONE mustBeTask=false order=ANY topActivity=null launchCookie=null}]} RemoteTransition { remoteTransition = android.window.IRemoteTransition$Stub$Proxy@4d133a1, appThread = android.app.IApplicationThread$Stub$Proxy@a5439c6, debugName = LauncherToDream }}
02-07 10:21:56.287   819   863 V WindowManagerShell:  Checking filter Pair{{types=[] flags=0x0] notFlags=0x100 checks=[{atype=home independent=true modes=[OPEN,TO_FRONT] flags=NONE mustBeTask=false order=TOP topActivity=ComponentInfo{com.google.android.apps.nexuslauncher/com.google.android.apps.nexuslauncher.NexusLauncherActivity} launchCookie=null},{atype=standard independent=true modes=[CLOSE,TO_BACK] flags=NONE mustBeTask=false order=ANY topActivity=null launchCookie=null}]} RemoteTransition { remoteTransition = android.window.IRemoteTransition$Stub$Proxy@49b1d87, appThread = android.app.IApplicationThread$Stub$Proxy@674e4b4, debugName = QuickstepLaunchHome }}
02-07 10:21:56.287   819   863 V WindowManagerShell:  Delegate animation for (#26) to null
02-07 10:21:56.287   819   863 V WindowManagerShell:  try handler com.android.wm.shell.transition.DefaultTransitionHandler@d4e7602
02-07 10:21:56.287   819   863 V WindowManagerShell: start default transition animation, info = {id=26 t=OPEN f=0x0 trk=0 r=[0@Point(0, 0)] c=[{WCT{android.window.IWindowContainerToken$Stub$Proxy@2299cb3} m=OPEN f=NONE leash=Surface(name=Task=29)/@0x4a7ba04 sb=Rect(0, 0 - 1280, 2856) eb=Rect(0, 0 - 1280, 2856) d=0 taskParent=-1},{WCT{android.window.IWindowContainerToken$Stub$Proxy@ee87270} m=TO_BACK f=SHOW_WALLPAPER leash=Surface(name=Task=1)/@0x92f9bed sb=Rect(0, 0 - 1280, 2856) eb=Rect(0, 0 - 1280, 2856) d=0 taskParent=-1}]}
02-07 10:21:56.287   819   863 V WindowManagerShell: loadAnimation: anim=android.view.animation.AnimationSet@e7709e9 animAttr=0x13 type=OPEN isEntrance=false
02-07 10:21:56.287   819   863 V WindowManagerShell: loadAnimation: anim=android.view.animation.AnimationSet@ea666e animAttr=0x12 type=OPEN isEntrance=true
02-07 10:21:56.291   819   863 V WindowManagerShell:  animated by com.android.wm.shell.transition.DefaultTransitionHandler@d4e7602
02-07 10:21:56.292   575   599 W UserManagerService: Requested status bar icon for non-badged user 0
02-07 10:21:56.295   405   405 E SurfaceFlinger: Out of order buffers detected for RequestedLayerState{com.google.android.apps.nexuslauncher/com.google.android.apps.nexuslauncher.NexusLauncherActivity#113 parentId=110} producedId=6 frameNumber=298 -> producedId=6 frameNumber=39
02-07 10:21:56.306  5357  5357 I xample.aniverse: Using CollectorTypeCMC GC.
02-07 10:21:56.307   819  1027 D EGL_emulation: app_time_stats: avg=5469.80ms min=3.30ms max=10936.29ms count=2
02-07 10:21:56.311   407   447 I adbd    : jdwp connection from 5357
02-07 10:21:56.311   405   405 E SurfaceFlinger: Out of order buffers detected for RequestedLayerState{com.google.android.apps.nexuslauncher/com.google.android.apps.nexuslauncher.NexusLauncherActivity#113 parentId=110} producedId=6 frameNumber=298 -> producedId=6 frameNumber=40
02-07 10:21:56.315  5357  5357 D nativeloader: Load libframework-connectivity-tiramisu-jni.so using APEX ns com_android_tethering for caller /apex/com.android.tethering/javalib/framework-connectivity-t.jar: ok
02-07 10:21:56.320   575  1035 W ActivityTaskManager: takeTaskSnapshot: taskId=20 not found or not visible
02-07 10:21:56.328   405   405 E SurfaceFlinger: Out of order buffers detected for RequestedLayerState{com.google.android.apps.nexuslauncher/com.google.android.apps.nexuslauncher.NexusLauncherActivity#113 parentId=110} producedId=6 frameNumber=298 -> producedId=6 frameNumber=41
02-07 10:21:56.345   405   405 E SurfaceFlinger: Out of order buffers detected for RequestedLayerState{com.google.android.apps.nexuslauncher/com.google.android.apps.nexuslauncher.NexusLauncherActivity#113 parentId=110} producedId=6 frameNumber=298 -> producedId=6 frameNumber=42
02-07 10:21:56.348  5357  5357 D ApplicationLoaders: Returning zygote-cached class loader: /system_ext/framework/androidx.window.extensions.jar
02-07 10:21:56.348  5357  5357 D ApplicationLoaders: Returning zygote-cached class loader: /system_ext/framework/androidx.window.sidecar.jar
02-07 10:21:56.350  5357  5357 W ziparchive: Unable to open '/data/app/~~-fGdpkqe2fNzDQzjCU21dg==/com.example.aniverse-BtxPuHGIXGE8TgGUUmWwmw==/base.dm': No such file or directory
02-07 10:21:56.351  5357  5357 W ziparchive: Unable to open '/data/app/~~-fGdpkqe2fNzDQzjCU21dg==/com.example.aniverse-BtxPuHGIXGE8TgGUUmWwmw==/base.dm': No such file or directory
02-07 10:21:56.355  1087  1649 D EGL_emulation: app_time_stats: avg=915.04ms min=6.44ms max=10705.21ms count=12
02-07 10:21:56.356   575   664 D ActivityManager: sync unfroze 2585 com.android.vending for 6
02-07 10:21:56.359   575   664 D ActivityManager: sync unfroze 3050 com.android.vending:background for 6
02-07 10:21:56.361   575   664 W ProcessStats: Tracking association SourceState{48fb6e1 system/1000 ImpBg #4032} whose proc state 6 is better than process ProcessState{4201195 com.android.vending/10141 pkg=com.android.vending} proc state 14 (2 skipped)
02-07 10:21:56.362   405   405 E SurfaceFlinger: Out of order buffers detected for RequestedLayerState{com.google.android.apps.nexuslauncher/com.google.android.apps.nexuslauncher.NexusLauncherActivity#113 parentId=110} producedId=6 frameNumber=298 -> producedId=6 frameNumber=43
02-07 10:21:56.378  2585  2585 I Finsky  : [2] SCH: job service start with id 9040.
02-07 10:21:56.378   405   405 E SurfaceFlinger: Out of order buffers detected for RequestedLayerState{com.google.android.apps.nexuslauncher/com.google.android.apps.nexuslauncher.NexusLauncherActivity#113 parentId=110} producedId=6 frameNumber=298 -> producedId=6 frameNumber=44
02-07 10:21:56.387  2585  5278 I Finsky  : [171] SCH: Satisfied jobs for 9040 are: 12-1
02-07 10:21:56.389  2585  5370 I Finsky  : [177] SCH: Job 12-1 starting
02-07 10:21:56.389  2585  2585 I Finsky  : [2] WM::SCH: Logging work start for 12-1
02-07 10:21:56.389  2585  2585 I Finsky  : [2] [ContentSync] job started
02-07 10:21:56.420  2585  5371 I Finsky  : [178] App states replicator found 27 unowned apps
02-07 10:21:56.425  2585  2878 I Finsky  : [61] Completed 0 account content syncs with 0 successful.
02-07 10:21:56.426  2585  2585 I Finsky  : [2] [ContentSync] Installation state replication succeeded.
02-07 10:21:56.426  2585  2585 I Finsky  : [2] SCH: jobFinished: 12-1. TimeElapsed: 37ms.
02-07 10:21:56.426  2585  2585 I Finsky  : [2] WM::SCH: Logging work end for 12-1
02-07 10:21:56.443  2585  2853 I Finsky  : [57] SCH: Scheduling phonesky job Id: 1-1337, CT: 1770439517742, Constraints: [{ L: 43015144, D: 86215144, C: CHARGING_NONE, I: IDLE_NONE, N: NET_ANY, B: BATTERY_ANY }]
02-07 10:21:56.443  2585  2853 I Finsky  : [57] SCH: Scheduling phonesky job Id: 10-4, CT: 1770439516853, Constraints: [{ L: 1200000, D: 86400000, C: CHARGING_NONE, I: IDLE_NONE, N: NET_ANY, B: BATTERY_ANY }]
02-07 10:21:56.443  2585  2853 I Finsky  : [57] SCH: Scheduling phonesky job Id: 10-11, CT: 1770439516856, Constraints: [{ L: 600000, D: 86400000, C: CHARGING_NONE, I: IDLE_NONE, N: NET_ANY, B: BATTERY_ANY }]
02-07 10:21:56.443  2585  2853 I Finsky  : [57] SCH: Scheduling phonesky job Id: 10-26, CT: 1770439516856, Constraints: [{ L: 600000, D: 86400000, C: CHARGING_NONE, I: IDLE_NONE, N: NET_ANY, B: BATTERY_ANY }]
02-07 10:21:56.443  2585  2853 I Finsky  : [57] SCH: Scheduling phonesky job Id: 10-123, CT: 1770439516856, Constraints: [{ L: 600000, D: 86400000, C: CHARGING_NONE, I: IDLE_NONE, N: NET_ANY, B: BATTERY_ANY }]
02-07 10:21:56.445  2585  2839 I Finsky  : [53] SCH: Scheduling 1 system job(s)
02-07 10:21:56.446  2585  2839 I Finsky  : [53] SCH: Scheduling system job Id: 9047, L: 200411, D: 85816441, C: false, I: false, N: 1
02-07 10:21:56.451  2585  5370 I Finsky  : [177] SCH: job service finished with id 9040.
02-07 10:21:56.453  2585  2585 I Finsky  : [2] Memory trim requested to level 40
02-07 10:21:56.453  2585  2585 I Finsky  : [2] Flushing in-memory image cache
02-07 10:21:56.456  3050  3050 I Finsky:background: [2] Memory trim requested to level 40
02-07 10:21:56.570  5357  5357 D nativeloader: Configuring clns-7 for other apk /data/app/~~-fGdpkqe2fNzDQzjCU21dg==/com.example.aniverse-BtxPuHGIXGE8TgGUUmWwmw==/base.apk. target_sdk_version=36, uses_libraries=, library_path=/data/app/~~-fGdpkqe2fNzDQzjCU21dg==/com.example.aniverse-BtxPuHGIXGE8TgGUUmWwmw==/lib/arm64, permitted_path=/data:/mnt/expand:/data/user/0/com.example.aniverse
02-07 10:21:56.576  5357  5357 V GraphicsEnvironment: Currently set values for:
02-07 10:21:56.576  5357  5357 V GraphicsEnvironment:   angle_gl_driver_selection_pkgs=[]
02-07 10:21:56.576  5357  5357 V GraphicsEnvironment:   angle_gl_driver_selection_values=[]
02-07 10:21:56.576  5357  5357 V GraphicsEnvironment: Global.Settings values are invalid: number of packages: 0, number of values: 0
02-07 10:21:56.576  5357  5357 V GraphicsEnvironment: Neither updatable production driver nor prerelease driver is supported.
02-07 10:21:56.580   819   863 V WindowManagerShell: Transition animation finished (aborted=false), notifying core (#26) android.os.BinderProxy@c5b3d4@0
02-07 10:21:56.581   575   602 V WindowManager: Finish Transition (#26): created at 02-07 10:21:56.167 collect-started=0.07ms request-sent=5.931ms started=14.154ms ready=113.163ms sent=117.079ms finished=413.095ms
02-07 10:21:56.582   819   863 V WindowManagerShell: Track 0 became idle
02-07 10:21:56.583   819   863 V WindowManagerShell: All active transition animations finished
02-07 10:21:56.583  1087  1087 D VRI[NexusLauncherActivity]: visibilityChanged oldVisibility=true newVisibility=false
02-07 10:21:56.583   575  1890 W UserManagerService: Requested status bar icon for non-badged user 0
02-07 10:21:56.584   575  1890 W UserManagerService: Requested status bar icon for non-badged user 0
02-07 10:21:56.595  1087  1087 D NexusLauncherModelDelegate: notifySmartspaceEvent: SmartspaceTargetEvent{mSmartspaceTarget=null, mSmartspaceActionId='null', mEventType=7}
02-07 10:21:56.597   575  1890 W OptProp : Cannot read opt property android.window.PROPERTY_COMPAT_ENABLE_FAKE_FOCUS
02-07 10:21:56.624  5357  5357 D AppCompatDelegate: Checking for metadata for AppLocalesMetadataHolderService : Service not found
02-07 10:21:56.727  5357  5357 E TransactionExecutor: Failed to execute the transaction: tId:1709572556 ClientTransaction{
02-07 10:21:56.727  5357  5357 E TransactionExecutor: tId:1709572556   transactionItems=[
02-07 10:21:56.727  5357  5357 E TransactionExecutor: tId:1709572556     LaunchActivityItem{activityToken=android.os.BinderProxy@38c8ba9,intent=Intent { flg=0x10000000 cmp=com.example.aniverse/.ui.MainActivity },ident=120607289,info=ActivityInfo{3d315fe com.example.aniverse.ui.MainActivity},curConfig={1.0 310mcc260mnc [en_US] ldltr sw427dp w427dp h952dp 480dpi nrml long port finger qwerty/v/v dpad/v winConfig={ mBounds=Rect(0, 0 - 1280, 2856) mAppBounds=Rect(0, 0 - 1280, 2856) mMaxBounds=Rect(0, 0 - 1280, 2856) mDisplayRotation=ROTATION_0 mWindowingMode=fullscreen mActivityType=undefined mAlwaysOnTop=undefined mRotation=ROTATION_0} as.3 s.30 fontWeightAdjustment=0},overrideConfig={1.0 310mcc260mnc [en_US] ldltr sw427dp w427dp h952dp 480dpi nrml long port finger qwerty/v/v dpad/v winConfig={ mBounds=Rect(0, 0 - 1280, 2856) mAppBounds=Rect(0, 0 - 1280, 2856) mMaxBounds=Rect(0, 0 - 1280, 2856) mDisplayRotation=ROTATION_0 mWindowingMode=fullscreen mActivityType=standard mAlwaysOnTop=undefined mRotation=ROTATION_0} as.3 s.3 fontWeightAdjustment=0},deviceId=0,referrer=com.android.shell,procState=2,state=null,persistentState=null,pendingResults=null,pendingNewIntents=null,sceneTransitionInfo=null,profilerInfo=null,assistToken=android.os.BinderProxy@2c9d803,shareableActivityToken=android.os.BinderProxy@5141380,activityWindowInfo=ActivityWindowInfo{isEmbedded=false, taskBounds=Rect(0, 0 - 1280, 2856), taskFragmentBounds=Rect(0, 0 - 1280, 2856)}}
02-07 10:21:56.727  5357  5357 E TransactionExecutor: tId:1709572556     ResumeActivityItem{mActivityToken=android.os.BinderProxy@38c8ba9,procState=-1,updateProcState=false,isForward=true,shouldSendCompatFakeFocus=false}
02-07 10:21:56.727  5357  5357 E TransactionExecutor: tId:1709572556     Target activity: com.example.aniverse.ui.MainActivity
02-07 10:21:56.727  5357  5357 E TransactionExecutor: tId:1709572556   ]
02-07 10:21:56.727  5357  5357 E TransactionExecutor: tId:1709572556 }
02-07 10:21:56.728  5357  5357 D AndroidRuntime: Shutting down VM
--------- beginning of crash
02-07 10:21:56.728  5357  5357 E AndroidRuntime: FATAL EXCEPTION: main
02-07 10:21:56.728  5357  5357 E AndroidRuntime: Process: com.example.aniverse, PID: 5357
02-07 10:21:56.728  5357  5357 E AndroidRuntime: java.lang.RuntimeException: Unable to start activity ComponentInfo{com.example.aniverse/com.example.aniverse.ui.MainActivity}: android.view.InflateException: Binary XML file line #21 in com.example.aniverse:layout/activity_main: Binary XML file line #21 in com.example.aniverse:layout/activity_main: Error inflating class androidx.fragment.app.FragmentContainerView
02-07 10:21:56.728  5357  5357 E AndroidRuntime: 	at android.app.ActivityThread.performLaunchActivity(ActivityThread.java:4048)
02-07 10:21:56.728  5357  5357 E AndroidRuntime: 	at android.app.ActivityThread.handleLaunchActivity(ActivityThread.java:4235)
02-07 10:21:56.728  5357  5357 E AndroidRuntime: 	at android.app.servertransaction.LaunchActivityItem.execute(LaunchActivityItem.java:112)
02-07 10:21:56.728  5357  5357 E AndroidRuntime: 	at android.app.servertransaction.TransactionExecutor.executeNonLifecycleItem(TransactionExecutor.java:174)
02-07 10:21:56.728  5357  5357 E AndroidRuntime: 	at android.app.servertransaction.TransactionExecutor.executeTransactionItems(TransactionExecutor.java:109)
02-07 10:21:56.728  5357  5357 E AndroidRuntime: 	at android.app.servertransaction.TransactionExecutor.execute(TransactionExecutor.java:81)
02-07 10:21:56.728  5357  5357 E AndroidRuntime: 	at android.app.ActivityThread$H.handleMessage(ActivityThread.java:2636)
02-07 10:21:56.728  5357  5357 E AndroidRuntime: 	at android.os.Handler.dispatchMessage(Handler.java:107)
02-07 10:21:56.728  5357  5357 E AndroidRuntime: 	at android.os.Looper.loopOnce(Looper.java:232)
02-07 10:21:56.728  5357  5357 E AndroidRuntime: 	at android.os.Looper.loop(Looper.java:317)
02-07 10:21:56.728  5357  5357 E AndroidRuntime: 	at android.app.ActivityThread.main(ActivityThread.java:8705)
02-07 10:21:56.728  5357  5357 E AndroidRuntime: 	at java.lang.reflect.Method.invoke(Native Method)
02-07 10:21:56.728  5357  5357 E AndroidRuntime: 	at com.android.internal.os.RuntimeInit$MethodAndArgsCaller.run(RuntimeInit.java:580)
02-07 10:21:56.728  5357  5357 E AndroidRuntime: 	at com.android.internal.os.ZygoteInit.main(ZygoteInit.java:886)
02-07 10:21:56.728  5357  5357 E AndroidRuntime: Caused by: android.view.InflateException: Binary XML file line #21 in com.example.aniverse:layout/activity_main: Binary XML file line #21 in com.example.aniverse:layout/activity_main: Error inflating class androidx.fragment.app.FragmentContainerView
02-07 10:21:56.728  5357  5357 E AndroidRuntime: Caused by: android.view.InflateException: Binary XML file line #21 in com.example.aniverse:layout/activity_main: Error inflating class androidx.fragment.app.FragmentContainerView
02-07 10:21:56.728  5357  5357 E AndroidRuntime: Caused by: java.lang.IllegalStateException: Hilt Fragments must be attached to an @AndroidEntryPoint Activity. Found: class com.example.aniverse.ui.MainActivity
02-07 10:21:56.728  5357  5357 E AndroidRuntime: 	at dagger.hilt.internal.Preconditions.checkState(Preconditions.java:83)
02-07 10:21:56.728  5357  5357 E AndroidRuntime: 	at dagger.hilt.android.internal.managers.FragmentComponentManager.createComponent(FragmentComponentManager.java:74)
02-07 10:21:56.728  5357  5357 E AndroidRuntime: 	at dagger.hilt.android.internal.managers.FragmentComponentManager.generatedComponent(FragmentComponentManager.java:64)
02-07 10:21:56.728  5357  5357 E AndroidRuntime: 	at com.example.aniverse.ui.home.Hilt_HomeFragment.generatedComponent(Hilt_HomeFragment.java:90)
02-07 10:21:56.728  5357  5357 E AndroidRuntime: 	at com.example.aniverse.ui.home.Hilt_HomeFragment.inject(Hilt_HomeFragment.java:112)
02-07 10:21:56.728  5357  5357 E AndroidRuntime: 	at com.example.aniverse.ui.home.Hilt_HomeFragment.onAttach(Hilt_HomeFragment.java:62)
02-07 10:21:56.728  5357  5357 E AndroidRuntime: 	at androidx.fragment.app.Fragment.onAttach(Fragment.java:1888)
02-07 10:21:56.728  5357  5357 E AndroidRuntime: 	at com.example.aniverse.ui.home.Hilt_HomeFragment.onAttach(Hilt_HomeFragment.java:49)
02-07 10:21:56.728  5357  5357 E AndroidRuntime: 	at androidx.fragment.app.Fragment.performAttach(Fragment.java:3075)
02-07 10:21:56.728  5357  5357 E AndroidRuntime: 	at androidx.fragment.app.FragmentStateManager.attach(FragmentStateManager.java:510)
02-07 10:21:56.728  5357  5357 E AndroidRuntime: 	at androidx.fragment.app.FragmentStateManager.moveToExpectedState(FragmentStateManager.java:279)
02-07 10:21:56.728  5357  5357 E AndroidRuntime: 	at androidx.fragment.app.FragmentManager.executeOpsTogether(FragmentManager.java:2214)
02-07 10:21:56.728  5357  5357 E AndroidRuntime: 	at androidx.fragment.app.FragmentManager.removeRedundantOperationsAndExecute(FragmentManager.java:2115)
02-07 10:21:56.728  5357  5357 E AndroidRuntime: 	at androidx.fragment.app.FragmentManager.execPendingActions(FragmentManager.java:2052)
02-07 10:21:56.728  5357  5357 E AndroidRuntime: 	at androidx.fragment.app.FragmentManager.dispatchStateChange(FragmentManager.java:3327)
02-07 10:21:56.728  5357  5357 E AndroidRuntime: 	at androidx.fragment.app.FragmentManager.dispatchCreate(FragmentManager.java:3226)
02-07 10:21:56.728  5357  5357 E AndroidRuntime: 	at androidx.fragment.app.Fragment.onCreate(Fragment.java:1974)
02-07 10:21:56.728  5357  5357 E AndroidRuntime: 	at androidx.navigation.fragment.NavHostFragment.onCreate(NavHostFragment.kt:157)
02-07 10:21:56.728  5357  5357 E AndroidRuntime: 	at androidx.fragment.app.Fragment.performCreate(Fragment.java:3099)
02-07 10:21:56.728  5357  5357 E AndroidRuntime: 	at androidx.fragment.app.FragmentStateManager.create(FragmentStateManager.java:524)
02-07 10:21:56.728  5357  5357 E AndroidRuntime: 	at androidx.fragment.app.FragmentStateManager.moveToExpectedState(FragmentStateManager.java:282)
02-07 10:21:56.728  5357  5357 E AndroidRuntime: 	at androidx.fragment.app.FragmentManager.executeOpsTogether(FragmentManager.java:2214)
02-07 10:21:56.729  5357  5357 E AndroidRuntime: 	at androidx.fragment.app.FragmentManager.removeRedundantOperationsAndExecute(FragmentManager.java:2115)
02-07 10:21:56.729  5357  5357 E AndroidRuntime: 	at androidx.fragment.app.FragmentManager.execSingleAction(FragmentManager.java:2002)
02-07 10:21:56.729  5357  5357 E AndroidRuntime: 	at androidx.fragment.app.BackStackRecord.commitNowAllowingStateLoss(BackStackRecord.java:323)
02-07 10:21:56.729  5357  5357 E AndroidRuntime: 	at androidx.fragment.app.FragmentContainerView.<init>(FragmentContainerView.kt:162)
02-07 10:21:56.729  5357  5357 E AndroidRuntime: 	at androidx.fragment.app.FragmentLayoutInflaterFactory.onCreateView(FragmentLayoutInflaterFactory.java:53)
02-07 10:21:56.729  5357  5357 E AndroidRuntime: 	at androidx.fragment.app.FragmentController.onCreateView(FragmentController.java:136)
02-07 10:21:56.729  5357  5357 E AndroidRuntime: 	at androidx.fragment.app.FragmentActivity.dispatchFragmentsOnCreateView(FragmentActivity.java:247)
02-07 10:21:56.729  5357  5357 E AndroidRuntime: 	at androidx.fragment.app.FragmentActivity.onCreateView(FragmentActivity.java:226)
02-07 10:21:56.729  5357  5357 E AndroidRuntime: 	at android.view.LayoutInflater.tryCreateView(LayoutInflater.java:957)
02-07 10:21:56.729  5357  5357 E AndroidRuntime: 	at android.view.LayoutInflater.createViewFromTag(LayoutInflater.java:885)
02-07 10:21:56.729  5357  5357 E AndroidRuntime: 	at android.view.LayoutInflater.createViewFromTag(LayoutInflater.java:849)
02-07 10:21:56.729  5357  5357 E AndroidRuntime: 	at android.view.LayoutInflater.rInflate(LayoutInflater.java:1011)
02-07 10:21:56.729  5357  5357 E AndroidRuntime: 	at android.view.LayoutInflater.rInflateChildren(LayoutInflater.java:972)
02-07 10:21:56.729  5357  5357 E AndroidRuntime: 	at android.view.LayoutInflater.inflate(LayoutInflater.java:570)
02-07 10:21:56.729  5357  5357 E AndroidRuntime: 	at android.view.LayoutInflater.inflate(LayoutInflater.java:462)
02-07 10:21:56.729  5357  5357 E AndroidRuntime: 	at com.example.aniverse.databinding.ActivityMainBinding.inflate(ActivityMainBinding.java:49)
02-07 10:21:56.729  5357  5357 E AndroidRuntime: 	at com.example.aniverse.databinding.ActivityMainBinding.inflate(ActivityMainBinding.java:43)
02-07 10:21:56.729  5357  5357 E AndroidRuntime: 	at com.example.aniverse.ui.MainActivity.onCreate(MainActivity.kt:16)
02-07 10:21:56.729  5357  5357 E AndroidRuntime: 	at android.app.Activity.performCreate(Activity.java:9002)
02-07 10:21:56.729  5357  5357 E AndroidRuntime: 	at android.app.Activity.performCreate(Activity.java:8980)
02-07 10:21:56.729  5357  5357 E AndroidRuntime: 	at android.app.Instrumentation.callActivityOnCreate(Instrumentation.java:1526)
02-07 10:21:56.729  5357  5357 E AndroidRuntime: 	at android.app.ActivityThread.performLaunchActivity(ActivityThread.java:4030)
02-07 10:21:56.729  5357  5357 E AndroidRuntime: 	at android.app.ActivityThread.handleLaunchActivity(ActivityThread.java:4235)
02-07 10:21:56.729  5357  5357 E AndroidRuntime: 	at android.app.servertransaction.LaunchActivityItem.execute(LaunchActivityItem.java:112)
02-07 10:21:56.729  5357  5357 E AndroidRuntime: 	at android.app.servertransaction.TransactionExecutor.executeNonLifecycleItem(TransactionExecutor.java:174)
02-07 10:21:56.729  5357  5357 E AndroidRuntime: 	at android.app.servertransaction.TransactionExecutor.executeTransactionItems(TransactionExecutor.java:109)
02-07 10:21:56.729  5357  5357 E AndroidRuntime: 	at android.app.servertransaction.TransactionExecutor.execute(TransactionExecutor.java:81)
02-07 10:21:56.729  5357  5357 E AndroidRuntime: 	at android.app.ActivityThread$H.handleMessage(ActivityThread.java:2636)
02-07 10:21:56.729  5357  5357 E AndroidRuntime: 	at android.os.Handler.dispatchMessage(Handler.java:107)
02-07 10:21:56.729  5357  5357 E AndroidRuntime: 	at android.os.Looper.loopOnce(Looper.java:232)
02-07 10:21:56.729  5357  5357 E AndroidRuntime: 	at android.os.Looper.loop(Looper.java:317)
02-07 10:21:56.729  5357  5357 E AndroidRuntime: 	at android.app.ActivityThread.main(ActivityThread.java:8705)
02-07 10:21:56.729  5357  5357 E AndroidRuntime: 	at java.lang.reflect.Method.invoke(Native Method)
02-07 10:21:56.729  5357  5357 E AndroidRuntime: 	at com.android.internal.os.RuntimeInit$MethodAndArgsCaller.run(RuntimeInit.java:580)
02-07 10:21:56.729  5357  5357 E AndroidRuntime: 	at com.android.internal.os.ZygoteInit.main(ZygoteInit.java:886)
02-07 10:21:56.731   575   599 W ActivityTaskManager:   Force finishing activity com.example.aniverse/.ui.MainActivity
02-07 10:21:56.733   819   863 V WindowManagerShell: Transition requested (#27): android.os.BinderProxy@984d546 TransitionRequestInfo { type = CLOSE, triggerTask = null, pipTask = null, remoteTransition = null, displayChange = null, flags = 16, debugId = 27 }
02-07 10:21:56.734  1087  1087 D VRI[NexusLauncherActivity]: visibilityChanged oldVisibility=false newVisibility=true
02-07 10:21:56.735   575   603 I ActivityManager: Showing crash dialog for package com.example.aniverse u0
02-07 10:21:56.745   405   405 I BpBinder: onLastStrongRef automatically unlinking death recipients: 
02-07 10:21:56.746   575   603 D CoreBackPreview: Window{c5e66de u0 Application Error: com.example.aniverse}: Setting back callback OnBackInvokedCallbackInfo{mCallback=android.window.WindowOnBackInvokedDispatcher$OnBackInvokedCallbackWrapper@ef8e8b7, mPriority=0, mIsAnimationCallback=false}
02-07 10:21:56.747  1087  1087 D NexusLauncherModelDelegate: notifySmartspaceEvent: SmartspaceTargetEvent{mSmartspaceTarget=null, mSmartspaceActionId='null', mEventType=6}
02-07 10:21:56.756  1087  1087 I TopTaskTracker: onTaskMovedToFront: (moved taskInfo to front) taskId=21, baseIntent=Intent { act=android.intent.action.MAIN cat=[android.intent.category.HOME] flg=0x10000100 cmp=com.google.android.apps.nexuslauncher/.NexusLauncherActivity }
02-07 10:21:56.763  1087  1100 E FrameEvents: addRelease: Did not find frame.
02-07 10:21:57.235   575   605 W ActivityTaskManager: Activity top resumed state loss timeout for ActivityRecord{7305239 u0 com.example.aniverse/.ui.MainActivity t29 f}}
02-07 10:21:57.235   575   605 W ActivityTaskManager: Activity pause timeout for ActivityRecord{7305239 u0 com.example.aniverse/.ui.MainActivity t29 f}}
02-07 10:21:57.237  1087  1087 D StatsLog: LAUNCHER_ONRESUME
02-07 10:21:57.237   819   863 D WindowManagerShell: setLauncherKeepClearAreaHeight: visible=true, height=603
02-07 10:21:57.238   819   828 V WindowManagerShell: onTransitionReady(transaction=2469606196346)
02-07 10:21:57.238   819   863 V WindowManagerShell: onTransitionReady (#27) android.os.BinderProxy@984d546: {id=27 t=CLOSE f=0x10 trk=0 r=[0@Point(0, 0)] c=[{WCT{android.window.IWindowContainerToken$Stub$Proxy@15318a3} m=TO_FRONT f=SHOW_WALLPAPER|MOVE_TO_TOP leash=Surface(name=Task=1)/@0xae5307 sb=Rect(0, 0 - 1280, 2856) eb=Rect(0, 0 - 1280, 2856) d=0 taskParent=-1},{WCT{android.window.IWindowContainerToken$Stub$Proxy@2f557a0} m=CLOSE f=NONE leash=Surface(name=Task=29)/@0x5efac34 sb=Rect(0, 0 - 1280, 2856) eb=Rect(0, 0 - 1280, 2856) d=0 taskParent=-1},{null m=TO_FRONT f=IS_WALLPAPER leash=Surface(name=WallpaperWindowToken{bfc2578 token=android.os.Binder@10f96db})/@0x1bc5a5d sb=Rect(0, 0 - 1280, 2856) eb=Rect(0, 0 - 1280, 2856) d=0}]}
02-07 10:21:57.238   819   863 V WindowManagerShell: Playing animation for (#27) android.os.BinderProxy@984d546@0
02-07 10:21:57.238   819   863 V WindowManagerShell:  try handler com.android.wm.shell.transition.DefaultMixedHandler@351fdd9
02-07 10:21:57.238   819   863 V WindowManagerShell:  try handler com.android.wm.shell.keyguard.KeyguardTransitionHandler@417639e
02-07 10:21:57.238   819   863 V WindowManagerShell:  try handler com.android.wm.shell.pip.PipTransition@883be7f
02-07 10:21:57.238   819   863 V WindowManagerShell:  try handler com.android.wm.shell.activityembedding.ActivityEmbeddingController@95cfe4c
02-07 10:21:57.238   819   863 V WindowManagerShell:  try handler com.android.wm.shell.recents.RecentsTransitionHandler@cdb9e95
02-07 10:21:57.238   819   863 V ShellRecents: RecentsTransitionHandler.startAnimation: no controller found
02-07 10:21:57.238   819   863 V WindowManagerShell:  try handler com.android.wm.shell.splitscreen.StageCoordinator@121baa
02-07 10:21:57.238   819   863 V WindowManagerShell:  try handler com.android.wm.shell.transition.RemoteTransitionHandler@b9fc39b
02-07 10:21:57.238   819   863 V WindowManagerShell: Transition doesn't have explicit remote, search filters for match for {id=27 t=CLOSE f=0x10 trk=0 r=[0@Point(0, 0)] c=[{WCT{android.window.IWindowContainerToken$Stub$Proxy@15318a3} m=TO_FRONT f=SHOW_WALLPAPER|MOVE_TO_TOP leash=Surface(name=Task=1)/@0xae5307 sb=Rect(0, 0 - 1280, 2856) eb=Rect(0, 0 - 1280, 2856) d=0 taskParent=-1},{WCT{android.window.IWindowContainerToken$Stub$Proxy@2f557a0} m=CLOSE f=NONE leash=Surface(name=Task=29)/@0x5efac34 sb=Rect(0, 0 - 1280, 2856) eb=Rect(0, 0 - 1280, 2856) d=0 taskParent=-1},{null m=TO_FRONT f=IS_WALLPAPER leash=Surface(name=WallpaperWindowToken{bfc2578 token=android.os.Binder@10f96db})/@0x1bc5a5d sb=Rect(0, 0 - 1280, 2856) eb=Rect(0, 0 - 1280, 2856) d=0}]}
02-07 10:21:57.238   819   863 V WindowManagerShell:  Checking filter Pair{{types=[] flags=0x0] notFlags=0x0 checks=[{atype=undefined independent=true modes=[OPEN,TO_FRONT] flags=IN_TASK_WITH_EMBEDDED_ACTIVITY mustBeTask=false order=ANY topActivity=ComponentInfo{com.google.android.apps.nexuslauncher/com.google.android.apps.nexuslauncher.NexusLauncherActivity} launchCookie=null},{atype=undefined independent=true modes=[CLOSE,TO_BACK] flags=IN_TASK_WITH_EMBEDDED_ACTIVITY mustBeTask=false order=ANY topActivity=null launchCookie=null}]} RemoteTransition { remoteTransition = android.window.IRemoteTransition$Stub$Proxy@87f11ab, appThread = android.app.IApplicationThread$Stub$Proxy@abed008, debugName = OverlaySwipeBack }}
02-07 10:21:57.238   819   863 V WindowManagerShell:  Checking filter Pair{{types=[] flags=0x0] notFlags=0x0 checks=[{atype=dream independent=true modes=[OPEN,TO_FRONT] flags=NONE mustBeTask=false order=ANY topActivity=null launchCookie=null},{atype=home independent=true modes=[CLOSE,TO_BACK] flags=NONE mustBeTask=false order=ANY topActivity=null launchCookie=null}]} RemoteTransition { remoteTransition = android.window.IRemoteTransition$Stub$Proxy@4d133a1, appThread = android.app.IApplicationThread$Stub$Proxy@a5439c6, debugName = LauncherToDream }}
02-07 10:21:57.238   819   863 V WindowManagerShell:  Checking filter Pair{{types=[] flags=0x0] notFlags=0x100 checks=[{atype=home independent=true modes=[OPEN,TO_FRONT] flags=NONE mustBeTask=false order=TOP topActivity=ComponentInfo{com.google.android.apps.nexuslauncher/com.google.android.apps.nexuslauncher.NexusLauncherActivity} launchCookie=null},{atype=standard independent=true modes=[CLOSE,TO_BACK] flags=NONE mustBeTask=false order=ANY topActivity=null launchCookie=null}]} RemoteTransition { remoteTransition = android.window.IRemoteTransition$Stub$Proxy@49b1d87, appThread = android.app.IApplicationThread$Stub$Proxy@674e4b4, debugName = QuickstepLaunchHome }}
02-07 10:21:57.239   819   863 D RemoteTransitionHandler: Found filterPair{{types=[] flags=0x0] notFlags=0x100 checks=[{atype=home independent=true modes=[OPEN,TO_FRONT] flags=NONE mustBeTask=false order=TOP topActivity=ComponentInfo{com.google.android.apps.nexuslauncher/com.google.android.apps.nexuslauncher.NexusLauncherActivity} launchCookie=null},{atype=standard independent=true modes=[CLOSE,TO_BACK] flags=NONE mustBeTask=false order=ANY topActivity=null launchCookie=null}]} RemoteTransition { remoteTransition = android.window.IRemoteTransition$Stub$Proxy@49b1d87, appThread = android.app.IApplicationThread$Stub$Proxy@674e4b4, debugName = QuickstepLaunchHome }}
02-07 10:21:57.239   819   863 V WindowManagerShell:  Delegate animation for (#27) to RemoteTransition { remoteTransition = android.window.IRemoteTransition$Stub$Proxy@49b1d87, appThread = android.app.IApplicationThread$Stub$Proxy@674e4b4, debugName = QuickstepLaunchHome }
02-07 10:21:57.244   819   863 V WindowManagerShell:  animated by com.android.wm.shell.transition.RemoteTransitionHandler@b9fc39b
02-07 10:21:57.244  1087  1197 D QuickstepModelDelegate: notifyAppTargetEvent action=1 launchLocation=workspace/0/[-1,-1]/[1,1]
02-07 10:21:57.244   575   602 V WindowManager: Sent Transition (#27) createdAt=02-07 10:21:56.732 via request=TransitionRequestInfo { type = CLOSE, triggerTask = null, pipTask = null, remoteTransition = null, displayChange = null, flags = 16, debugId = 27 }
02-07 10:21:57.244   575   602 V WindowManager:     startWCT=WindowContainerTransaction { changes = {} hops = [] errorCallbackToken=null taskFragmentOrganizer=null }
02-07 10:21:57.244   575   602 V WindowManager:     info={id=27 t=CLOSE f=0x10 trk=0 r=[0@Point(0, 0)] c=[
02-07 10:21:57.244   575   602 V WindowManager:         {WCT{RemoteToken{d55b1e9 Task{682fc43 #1 type=home}}} m=TO_FRONT f=SHOW_WALLPAPER|MOVE_TO_TOP leash=Surface(name=Task=1)/@0x4c38204 sb=Rect(0, 0 - 1280, 2856) eb=Rect(0, 0 - 1280, 2856) d=0 taskParent=-1},
02-07 10:21:57.244   575   602 V WindowManager:         {WCT{RemoteToken{9d00ce2 Task{9b6907e #29 type=standard A=10215:com.example.aniverse}}} m=CLOSE f=NONE leash=Surface(name=Task=29)/@0xc640ec4 sb=Rect(0, 0 - 1280, 2856) eb=Rect(0, 0 - 1280, 2856) d=0 taskParent=-1},
02-07 10:21:57.244   575   602 V WindowManager:         {null m=TO_FRONT f=IS_WALLPAPER leash=Surface(name=WallpaperWindowToken{bfc2578 token=android.os.Binder@10f96db})/@0x4fdce6a sb=Rect(0, 0 - 1280, 2856) eb=Rect(0, 0 - 1280, 2856) d=0}
02-07 10:21:57.244   575   602 V WindowManager:     ]}
02-07 10:21:57.249  1087  1087 D StateManager: createAtomicAnimation - fromState: Background, toState: Normal, partial trace:
02-07 10:21:57.249  1087  1087 D StateManager: 	at com.android.quickstep.util.StaggeredWorkspaceAnim.prepareToAnimate(go/retraceme 2855a437b73635ce9cad76b9289087e631bbb67fc90008a0da13d343a00e5041:22)
02-07 10:21:57.249  1087  1087 D StateManager: 	at com.android.quickstep.util.StaggeredWorkspaceAnim.<init>(go/retraceme 2855a437b73635ce9cad76b9289087e631bbb67fc90008a0da13d343a00e5041:4)
02-07 10:21:57.249  1087  1087 D StateManager: 	at com.android.quickstep.util.StaggeredWorkspaceAnim.<init>(go/retraceme 2855a437b73635ce9cad76b9289087e631bbb67fc90008a0da13d343a00e5041:1)
02-07 10:21:57.253   575  1035 W UserManagerService: Requested status bar icon for non-badged user 0
02-07 10:21:57.256  1087  1087 D SearchTargetUtil: queryLength=0 size=15
02-07 10:21:57.256  1087  1087 D SearchTargetUtil: layoutType=short_icon_row resultType=131072 packageName=com.google.android.googlequicksearchbox extras=Bundle{suggestion_type=33,suggest_truncate_start=false,is_answer=false,is_entity=false,is_personal=false,suggest_raw_text=psssb excise inspector,input_query=android.app.search.Query@31f4e99,group_id=web423371,zero_state_cache=[B@19d455e,response_id=ad2a37b8-ae48-487f-b0cb-0ad3ecba0a47,support_query_builder=false,} searchAction=psssb excise inspector searchActionExtras=Bundle{learn_more_url=https://support.google.com/websearch/answer/106230?hl=106230,suggestion_action_text=Report this,should_start_for_result=true,allow_pinning=true,skip_logging_in_target_handler=true,suggestion_action_rpc=2,}ParentID: null targetID: 4d50b819-0017-49ae-9db4-b340203ded8b
02-07 10:21:57.256  1087  1087 D SearchTargetUtil: layoutType=short_icon_row resultType=131072 packageName=com.google.android.googlequicksearchbox extras=Bundle{suggestion_type=33,suggest_truncate_start=false,is_answer=false,is_entity=false,is_personal=false,suggest_raw_text=vembu advice software engineers,input_query=android.app.search.Query@31f4e99,group_id=web423371,response_id=ad2a37b8-ae48-487f-b0cb-0ad3ecba0a47,support_query_builder=false,} searchAction=vembu advice software engineers searchActionExtras=Bundle{learn_more_url=https://support.google.com/websearch/answer/106230?hl=106230,suggestion_action_text=Report this,should_start_for_result=true,allow_pinning=true,skip_logging_in_target_handler=true,suggestion_action_rpc=2,}ParentID: null targetID: 053aed50-12e4-49a4-91eb-066438aee671
02-07 10:21:57.256  1087  1087 D SearchTargetUtil: layoutType=short_icon_row resultType=131072 packageName=com.google.android.googlequicksearchbox extras=Bundle{suggestion_type=33,suggest_truncate_start=false,is_answer=false,is_entity=false,is_personal=false,suggest_raw_text=whatsapp developing a close friends feature for status updates,input_query=android.app.search.Query@31f4e99,group_id=web423371,response_id=ad2a37b8-ae48-487f-b0cb-0ad3ecba0a47,support_query_builder=false,} searchAction=whatsapp developing a close friends feature for status updates searchActionExtras=Bundle{learn_more_url=https://support.google.com/websearch/answer/106230?hl=106230,suggestion_action_text=Report this,should_start_for_result=true,allow_pinning=true,skip_logging_in_target_handler=true,suggestion_action_rpc=2,}ParentID: null targetID: 65a6d764-84f6-4510-a3aa-14690ede95aa
02-07 10:21:57.256  1087  1087 D SearchTargetUtil: layoutType=short_icon_row resultType=131072 packageName=com.google.android.googlequicksearchbox extras=Bundle{suggestion_type=33,suggest_truncate_start=false,is_answer=false,is_entity=false,is_personal=false,suggest_raw_text=indian super league games,input_query=android.app.search.Query@31f4e99,group_id=web423371,response_id=ad2a37b8-ae48-487f-b0cb-0ad3ecba0a47,support_query_builder=false,} searchAction=indian super league games searchActionExtras=Bundle{learn_more_url=https://support.google.com/websearch/answer/106230?hl=106230,suggestion_action_text=Report this,should_start_for_result=true,allow_pinning=true,skip_logging_in_target_handler=true,suggestion_action_rpc=2,}ParentID: null targetID: 5b9b8db2-e22a-42dd-940e-e8fff90bea78
02-07 10:21:57.256  1087  1087 D SearchTargetUtil: layoutType=short_icon_row resultType=131072 packageName=com.google.android.googlequicksearchbox extras=Bundle{suggestion_type=33,suggest_truncate_start=false,is_answer=false,is_entity=false,is_personal=false,suggest_raw_text=us woman moves india experience,input_query=android.app.search.Query@31f4e99,group_id=web423371,response_id=ad2a37b8-ae48-487f-b0cb-0ad3ecba0a47,support_query_builder=false,} searchAction=us woman moves india experience searchActionExtras=Bundle{learn_more_url=https://support.google.com/websearch/answer/106230?hl=106230,suggestion_action_text=Report this,should_start_for_result=true,allow_pinning=true,skip_logging_in_target_handler=true,suggestion_action_rpc=2,}ParentID: null targetID: 5a19b049-32a5-49e2-9790-4a238a4c2579
02-07 10:21:57.256  1087  1087 D SearchTargetUtil: layoutType=short_icon_row resultType=131072 packageName=com.google.android.googlequicksearchbox extras=Bundle{suggestion_type=33,suggest_truncate_start=false,is_answer=false,is_entity=false,is_personal=false,suggest_raw_text=h5n1 bird flu chennai,input_query=android.app.search.Query@31f4e99,group_id=web423371,response_id=ad2a37b8-ae48-487f-b0cb-0ad3ecba0a47,support_query_builder=false,} searchAction=h5n1 bird flu chennai searchActionExtras=Bundle{learn_more_url=https://support.google.com/websearch/answer/106230?hl=106230,suggestion_action_text=Report this,should_start_for_result=true,allow_pinning=true,skip_logging_in_target_handler=true,suggestion_action_rpc=2,}ParentID: null targetID: b85eaee4-d41e-4878-b802-ac09d1d9a86d
